Release 14.7 Map P.20131013 (lin64)
Xilinx Map Application Log File for Design 'glue'

Design Information
------------------
Command Line   : map -timing -ol high -detail -pr b -register_duplication -w
xc6slx9.ngd 
Target Device  : xc6slx9
Target Package : csg324
Target Speed   : -2
Mapper Version : spartan6 -- $Revision: 1.55 $
Mapped Date    : Mon Jul  6 09:33:05 2015

Mapping design into LUTs...
Writing file xc6slx9.ngm...
Running directed packing...
Running delay-based LUT packing...
Updating timing models...
WARNING:Timing:3402 - The Clock Modifying COMP, clk81.clkgen81/dcm_sp_inst, has the attribute CLK_FEEDBACK set to NONE.  No phase
   relationship exists between the input and output clocks of this Clock Modifying COMP. Data paths between these clock domains must be
   constrained using FROM/TO constraints.
WARNING:Pack:1653 - At least one timing constraint is impossible to meet because component delays alone exceed the constraint. A timing
   constraint summary below shows the failing constraints (preceded with an Asterisk (*)). Please use the Timing Analyzer (GUI) or TRCE
   (command line) with the Mapped NCD and PCF files to identify which constraints and paths are failing because of the component delays
   alone. If the failing path(s) is mapped to Xilinx components as expected, consider relaxing the constraint. If it is not mapped to
   components as expected, re-evaluate your HDL and how synthesis is optimizing the path. To allow the tools to bypass this error, set the
   environment variable XIL_TIMING_ALLOW_IMPOSSIBLE to 1.


   For more information about the Timing Analyzer, consult the Xilinx Timing Analyzer Reference manual; for more information on TRCE,
   consult the Xilinx Command Line Tools User Guide "TRACE" chapter.
INFO:Timing:3284 - This timing report was generated using estimated delay 
   information.  For accurate numbers, please refer to the post Place and Route 
   timing report.
Number of Timing Constraints that were not applied: 2

Asterisk (*) preceding a constraint indicates it was not met.
   This may be due to a setup or hold violation.

----------------------------------------------------------------------------------------------------------
  Constraint                                |    Check    | Worst Case |  Best Case | Timing |   Timing   
                                            |             |    Slack   | Achievable | Errors |    Score   
----------------------------------------------------------------------------------------------------------
* TS_clk81_clkgen81_clkfx = PERIOD TIMEGRP  | SETUP       |   -10.040ns|    13.116ns|     499|      888793
  "clk81_clkgen81_clkfx" TS_sys_clk_pin * 3 | HOLD        |    -0.097ns|            |     176|       16896
  .25 HIGH 50%                              | MINPERIOD   |    -0.494ns|     3.570ns|      34|       16796
----------------------------------------------------------------------------------------------------------
  NET "clk81.clkgen81/clkin1" PERIOD = 10 n | MINLOWPULSE |     4.660ns|     5.340ns|       0|           0
  s HIGH 50%                                |             |            |            |        |            
----------------------------------------------------------------------------------------------------------
  TS_sys_clk_pin = PERIOD TIMEGRP "sys_clk_ | MINLOWPULSE |     4.660ns|     5.340ns|       0|           0
  pin" 100 MHz HIGH 50%                     |             |            |            |        |            
----------------------------------------------------------------------------------------------------------


Derived Constraint Report
Review Timing Report for more details on the following derived constraints.
To create a Timing Report, run "trce -v 12 -fastpaths -o design_timing_report design.ncd design.pcf"
or "Run Timing Analysis" from Timing Analyzer (timingan).
Derived Constraints for TS_sys_clk_pin
+-------------------------------+-------------+-------------+-------------+-------------+-------------+-------------+---
----------+
|                               |   Period    |       Actual Period       |      Timing Errors        |      Paths
Analyzed       |
|           Constraint          | Requirement
|-------------+-------------|-------------+-------------|-------------+-------------|
|                               |             |   Direct    | Derivative  |   Direct    | Derivative  |   Direct    |
Derivative  |
+-------------------------------+-------------+-------------+-------------+-------------+-------------+-------------+---
----------+
|TS_sys_clk_pin                 |     10.000ns|      5.340ns|     42.627ns|            0|          709|            0|   
  6287862|
| TS_clk81_clkgen81_clkfx       |      3.077ns|     13.116ns|          N/A|          709|            0|      6287862|   
        0|
+-------------------------------+-------------+-------------+-------------+-------------+-------------+-------------+---
----------+

1 constraint not met.


INFO:Map:215 - The Interim Design Summary has been generated in the MAP Report
   (.mrp).
Running timing-driven placement...
Total REAL time at the beginning of Placer: 21 secs 
Total CPU  time at the beginning of Placer: 20 secs 

Phase 1.1  Initial Placement Analysis
Phase 1.1  Initial Placement Analysis (Checksum:c585941f) REAL time: 22 secs 

Phase 2.7  Design Feasibility Check
INFO:Place:834 - Only a subset of IOs are locked. Out of 45 IOs, 13 are locked
   and 32 are not locked. If you would like to print the names of these IOs,
   please set the environment variable XIL_PAR_DESIGN_CHECK_VERBOSE to 1. 
Phase 2.7  Design Feasibility Check (Checksum:c585941f) REAL time: 22 secs 

Phase 3.31  Local Placement Optimization
Phase 3.31  Local Placement Optimization (Checksum:dcf8291f) REAL time: 22 secs 

Phase 4.2  Initial Placement for Architecture Specific Features
....
Phase 4.2  Initial Placement for Architecture Specific Features
(Checksum:35ec2edf) REAL time: 34 secs 

Phase 5.36  Local Placement Optimization
Phase 5.36  Local Placement Optimization (Checksum:35ec2edf) REAL time: 34 secs 

Phase 6.30  Global Clock Region Assignment
Phase 6.30  Global Clock Region Assignment (Checksum:35ec2edf) REAL time: 34 secs 

Phase 7.3  Local Placement Optimization
....
Phase 7.3  Local Placement Optimization (Checksum:aecf1b07) REAL time: 36 secs 

Phase 8.5  Local Placement Optimization
Phase 8.5  Local Placement Optimization (Checksum:aecf1b07) REAL time: 36 secs 

Phase 9.8  Global Placement
..................
...............................................................................
....................................................................................................................
......................................................................................
....................................
Phase 9.8  Global Placement (Checksum:5857a90b) REAL time: 1 mins 23 secs 

Phase 10.5  Local Placement Optimization
Phase 10.5  Local Placement Optimization (Checksum:5857a90b) REAL time: 1 mins 23 secs 

Phase 11.18  Placement Optimization
Phase 11.18  Placement Optimization (Checksum:c4575ed1) REAL time: 2 mins 14 secs 

Phase 12.5  Local Placement Optimization
Phase 12.5  Local Placement Optimization (Checksum:c4575ed1) REAL time: 2 mins 14 secs 

Phase 13.34  Placement Validation
Phase 13.34  Placement Validation (Checksum:76649e33) REAL time: 2 mins 14 secs 

Total REAL time to Placer completion: 2 mins 14 secs 
Total CPU  time to Placer completion: 2 mins 14 secs 
Running physical synthesis...

Physical synthesis completed.
Running post-placement packing...
Writing output files...
WARNING:PhysDesignRules:367 - The signal
   <glue_bram/pipeline/regfile/Mram_R25_RAMD_D1_O> is incomplete. The signal
   does not drive any load pins in the design.
WARNING:PhysDesignRules:367 - The signal
   <glue_bram/pipeline/regfile/Mram_R15_RAMD_D1_O> is incomplete. The signal
   does not drive any load pins in the design.
WARNING:PhysDesignRules:367 - The signal
   <glue_bram/pipeline/regfile/Mram_R11_RAMD_D1_O> is incomplete. The signal
   does not drive any load pins in the design.
WARNING:PhysDesignRules:367 - The signal
   <glue_bram/pipeline/regfile/Mram_R14_RAMD_D1_O> is incomplete. The signal
   does not drive any load pins in the design.
WARNING:PhysDesignRules:367 - The signal
   <glue_bram/pipeline/regfile/Mram_R23_RAMD_D1_O> is incomplete. The signal
   does not drive any load pins in the design.
WARNING:PhysDesignRules:367 - The signal
   <glue_bram/pipeline/regfile/Mram_R22_RAMD_D1_O> is incomplete. The signal
   does not drive any load pins in the design.
WARNING:PhysDesignRules:367 - The signal
   <glue_bram/pipeline/regfile/Mram_R13_RAMD_D1_O> is incomplete. The signal
   does not drive any load pins in the design.
WARNING:PhysDesignRules:367 - The signal
   <glue_bram/pipeline/regfile/Mram_R21_RAMD_D1_O> is incomplete. The signal
   does not drive any load pins in the design.
WARNING:PhysDesignRules:367 - The signal
   <glue_bram/pipeline/regfile/Mram_R24_RAMD_D1_O> is incomplete. The signal
   does not drive any load pins in the design.
WARNING:PhysDesignRules:367 - The signal
   <glue_bram/pipeline/regfile/Mram_R12_RAMD_D1_O> is incomplete. The signal
   does not drive any load pins in the design.

Design Summary
--------------

Design Summary:
Number of errors:      0
Number of warnings:   12
Slice Logic Utilization:
  Number of Slice Registers:                 1,662 out of  11,440   14%
    Number used as Flip Flops:               1,662
    Number used as Latches:                      0
    Number used as Latch-thrus:                  0
    Number used as AND/OR logics:                0
  Number of Slice LUTs:                      2,121 out of   5,720   37%
    Number used as logic:                    1,998 out of   5,720   34%
      Number using O6 output only:           1,609
      Number using O5 output only:              51
      Number using O5 and O6:                  338
      Number used as ROM:                        0
    Number used as Memory:                      62 out of   1,440    4%
      Number used as Dual Port RAM:             44
        Number using O6 output only:             0
        Number using O5 output only:             0
        Number using O5 and O6:                 44
      Number used as Single Port RAM:            0
      Number used as Shift Register:            18
        Number using O6 output only:             2
        Number using O5 output only:             0
        Number using O5 and O6:                 16
    Number used exclusively as route-thrus:     61
      Number with same-slice register load:     58
      Number with same-slice carry load:         3
      Number with other load:                    0

Slice Logic Distribution:
  Number of occupied Slices:                   728 out of   1,430   50%
  Number of MUXCYs used:                       368 out of   2,860   12%
  Number of LUT Flip Flop pairs used:        2,419
    Number with an unused Flip Flop:           903 out of   2,419   37%
    Number with an unused LUT:                 298 out of   2,419   12%
    Number of fully used LUT-FF pairs:       1,218 out of   2,419   50%
    Number of unique control sets:             155
    Number of slice register sites lost
      to control set restrictions:             496 out of  11,440    4%

  A LUT Flip Flop pair for this architecture represents one LUT paired with
  one Flip Flop within a slice.  A control set is a unique combination of
  clock, reset, set, and enable signals for a registered element.
  The Slice Logic Distribution report is not meaningful if the design is
  over-mapped for a non-slice resource or if Placement fails.

IO Utilization:
  Number of bonded IOBs:                        45 out of     200   22%
    Number of LOCed IOBs:                       13 out of      45   28%
    IOB Flip Flops:                              4

Specific Feature Utilization:
  Number of RAMB16BWERs:                        17 out of      32   53%
  Number of RAMB8BWERs:                          0 out of      64    0%
  Number of BUFIO2/BUFIO2_2CLKs:                 1 out of      32    3%
    Number used as BUFIO2s:                      1
    Number used as BUFIO2_2CLKs:                 0
  Number of BUFIO2FB/BUFIO2FB_2CLKs:             0 out of      32    0%
  Number of BUFG/BUFGMUXs:                       1 out of      16    6%
    Number used as BUFGs:                        1
    Number used as BUFGMUX:                      0
  Number of DCM/DCM_CLKGENs:                     1 out of       4   25%
    Number used as DCMs:                         1
    Number used as DCM_CLKGENs:                  0
  Number of ILOGIC2/ISERDES2s:                   3 out of     200    1%
    Number used as ILOGIC2s:                     3
    Number used as ISERDES2s:                    0
  Number of IODELAY2/IODRP2/IODRP2_MCBs:         0 out of     200    0%
  Number of OLOGIC2/OSERDES2s:                   1 out of     200    1%
    Number used as OLOGIC2s:                     1
    Number used as OSERDES2s:                    0
  Number of BSCANs:                              0 out of       4    0%
  Number of BUFHs:                               0 out of     128    0%
  Number of BUFPLLs:                             0 out of       8    0%
  Number of BUFPLL_MCBs:                         0 out of       4    0%
  Number of DSP48A1s:                            4 out of      16   25%
  Number of ICAPs:                               0 out of       1    0%
  Number of MCBs:                                0 out of       2    0%
  Number of PCILOGICSEs:                         0 out of       2    0%
  Number of PLL_ADVs:                            0 out of       2    0%
  Number of PMVs:                                0 out of       1    0%
  Number of STARTUPs:                            1 out of       1  100%
  Number of SUSPEND_SYNCs:                       0 out of       1    0%

Average Fanout of Non-Clock Nets:                3.93

Peak Memory Usage:  732 MB
Total REAL time to MAP completion:  3 mins 19 secs 
Total CPU time to MAP completion:   3 mins 18 secs 

Mapping completed.
See MAP report file "xc6slx9.mrp" for details.
